Flutter crash report.
Please report a bug at https://github.com/flutter/flutter/issues.

## command

flutter debug_adapter

## exception

RPCError: getIsolate: (-32603) Unexpected DWDS error for getIsolate: Bad state: No running isolate (inspector is not set).

```
#0      new _OutstandingRequest (package:vm_service/src/vm_service.dart:265:34)
#1      VmService._call.<anonymous closure> (package:vm_service/src/vm_service.dart:1921:25)
#2      VmService._call (package:vm_service/src/vm_service.dart:1933:8)
#3      VmService.getIsolate (package:vm_service/src/vm_service.dart:1009:7)
#4      IsolateManager._sendLibraryDebuggables (package:dds/src/dap/isolate_manager.dart:1034:35)
#5      IsolateManager._configureIsolate (package:dds/src/dap/isolate_manager.dart:555:9)
#6      IsolateManager.registerIsolate (package:dds/src/dap/isolate_manager.dart:246:13)
#7      IsolateManager.handleEvent (package:dds/src/dap/isolate_manager.dart:189:13)
#8      DartDebugAdapter.handleIsolateEvent (package:dds/src/dap/adapters/dart.dart:2488:26)
<asynchronous suspension>
#9      DartDebugAdapter._withErrorHandling (package:dds/src/dap/adapters/dart.dart:2819:14)
<asynchronous suspension>
```

## flutter doctor

```
[✓] Flutter (Channel master, 3.31.0-1.0.pre.61, on macOS 15.3.1 24D70 darwin-arm64, locale en-IN) [4.9s]
    • Flutter version 3.31.0-1.0.pre.61 on channel master at /Users/prashantsanadi/Documents/Flutterdev/sdk/flutter
    • Upstream repository https://github.com/flutter/flutter.git
    • Framework revision d64db52438 (8 months ago), 2025-03-13 18:27:29 -0700
    • Engine revision d64db52438
    • Dart version 3.8.0 (build 3.8.0-188.0.dev)
    • DevTools version 2.45.0-dev.0

[!] Android toolchain - develop for Android devices (Android SDK version 34.0.0) [1,954ms]
    • Android SDK at /Users/prashantsanadi/Library/Android/sdk
    ✗ cmdline-tools component is missing.
      Try installing or updating Android Studio.
      Alternatively, download the tools from https://developer.android.com/studio#command-line-tools-only and make sure to set the ANDROID_HOME environment variable.
      See https://developer.android.com/studio/command-line for more details.
    ✗ Android license status unknown.
      Run `flutter doctor --android-licenses` to accept the SDK licenses.
      See https://flutter.dev/to/macos-android-setup for more details.

[✓] Xcode - develop for iOS and macOS (Xcode 16.2) [2.9s]
    • Xcode at /Applications/Xcode.app/Contents/Developer
    • Build 16C5032a
    • CocoaPods version 1.16.2

[✓] Chrome - develop for the web [7ms]
    • Chrome at /Applications/Google Chrome.app/Contents/MacOS/Google Chrome

[✓] Android Studio (version 2022.3) [6ms]
    • Android Studio at /Applications/Android Studio.app/Contents
    • Flutter plugin can be installed from:
      🔨 https://plugins.jetbrains.com/plugin/9212-flutter
    • Dart plugin can be installed from:
      🔨 https://plugins.jetbrains.com/plugin/6351-dart
    • Java version OpenJDK Runtime Environment (build 17.0.6+0-17.0.6b829.9-10027231)

[✓] VS Code (version 1.105.1) [5ms]
    • VS Code at /Applications/Visual Studio Code.app/Contents
    • Flutter extension version 3.122.0

[✓] Connected device (3 available) [6.1s]
    • iPhone 16 (mobile) • 09D4EB4A-6520-459B-B2A3-C69D3A2D4014 • ios            • com.apple.CoreSimulator.SimRuntime.iOS-18-3 (simulator)
    • macOS (desktop)    • macos                                • darwin-arm64   • macOS 15.3.1 24D70 darwin-arm64
    • Chrome (web)       • chrome                               • web-javascript • Google Chrome 141.0.7390.123
    ! Error: Browsing on the local area network for iPhone. Ensure the device is unlocked and attached with a cable or associated with the same local area network as this Mac.
      The device must be opted into Developer Mode to connect wirelessly. (code -27)

[✓] Network resources [1,196ms]
    • All expected network resources are available.

! Doctor found issues in 1 category.
```
